# generated on Sat Sep 23 06:10:24 2023
# Top Cell: SYSTEM

------------------------------------------------------------
          timeDesign Summary                             
------------------------------------------------------------

+--------------------+---------+---------+---------+---------+---------+---------+
|     Setup mode     |   all   | reg2reg | in2reg  | reg2out | in2out  | clkgate |
+--------------------+---------+---------+---------+---------+---------+---------+
|           WNS (ns):|  0.266  |  0.266  |  6.103  | 77.402  |   N/A   |   N/A   |
|           TNS (ns):|  0.000  |  0.000  |  0.000  |  0.000  |   N/A   |   N/A   |
|    Violating Paths:|    0    |    0    |    0    |    0    |   N/A   |   N/A   |
|          All Paths:|  1006   |   993   |   343   |    5    |   N/A   |   N/A   |
+--------------------+---------+---------+---------+---------+---------+---------+

+----------------+---------------------------+--------------+
|                |            Real           |     Total    |
|    DRVs        +--------------+------------+--------------|
|                |Nr nets(terms)| Worst Vio  |Nr nets(terms)|
+----------------+--------------+------------+--------------+
|   max_cap      |    0 (0)     |   0.000    |    0 (0)     |
|   max_tran     |    0 (0)     |   0.000    |    0 (0)     |
|   max_fanout   |    0 (0)     |     0      |    0 (0)     |
+----------------+--------------+------------+--------------+

Density: 100.000%
------------------------------------------------------------
