# generated on Sat Sep 23 06:01:11 2023
# Top Cell: SYSTEM

------------------------------------------------------------
          timeDesign Summary                             
------------------------------------------------------------

+--------------------+---------+---------+---------+---------+---------+---------+
|     Setup mode     |   all   | reg2reg | in2reg  | reg2out | in2out  | clkgate |
+--------------------+---------+---------+---------+---------+---------+---------+
|           WNS (ns):| -0.009  | -0.009  |  7.873  | 77.295  |   N/A   |   N/A   |
|           TNS (ns):| -0.009  | -0.009  |  0.000  |  0.000  |   N/A   |   N/A   |
|    Violating Paths:|    1    |    1    |    0    |    0    |   N/A   |   N/A   |
|          All Paths:|  1006   |   993   |   343   |    5    |   N/A   |   N/A   |
+--------------------+---------+---------+---------+---------+---------+---------+

+----------------+---------------------------+--------------+
|                |            Real           |     Total    |
|    DRVs        +--------------+------------+--------------|
|                |Nr nets(terms)| Worst Vio  |Nr nets(terms)|
+----------------+--------------+------------+--------------+
|   max_cap      |    0 (0)     |   0.000    |    0 (0)     |
|   max_tran     |    0 (0)     |   0.000    |    0 (0)     |
|   max_fanout   |    0 (0)     |     0      |    0 (0)     |
+----------------+--------------+------------+--------------+

Density: 77.213%
Routing Overflow: 0.00% H and 0.65% V
------------------------------------------------------------
